// Jest Snapshot v1, https://goo.gl/fbAQLP

exports[`Button tests has a valid snapshot  1`] = `
<DocumentFragment>
  <button
    class="sc-AxjAm FtxYm"
  >
    Click me
  </button>
</DocumentFragment>
`;
