// Jest Snapshot v1, https://goo.gl/fbAQLP

exports[`Rates tests has a valid snapshot  1`] = `
<DocumentFragment>
  <div>
    <p>
      Base: GBP
    </p>
  </div>
</DocumentFragment>
`;
