// Jest Snapshot v1, https://goo.gl/fbAQLP

exports[`Rate Page tests has a valid snapshot  1`] = `
<DocumentFragment>
  <div
    class="sc-AxjAm fqbFBj"
  >
    <div>
      <p>
        Base: GBP
      </p>
    </div>
  </div>
</DocumentFragment>
`;
