// Jest Snapshot v1, https://goo.gl/fbAQLP

exports[`Balance tests has a valid snapshot  1`] = `
<DocumentFragment>
  <p
    class="sc-AxjAm gtFmXl"
  >
    Balance: â‚¬ 5
  </p>
</DocumentFragment>
`;
